
> open-source-accounting-web@0.7.0 typecheck
> tsc -p tsconfig.json --noEmit


> open-source-accounting-web@0.7.0 test:auth
> node --test tests/identity.test.mjs

✔ OTP rejects nonnumeric or wrong length (1.071083ms)
✔ phone validates international number (0.10425ms)
✔ first factor alone is enrollment (0.19775ms)
✔ factor identifier required (0.085875ms)
✔ reserved TOTP claims allow ready (0.0705ms)
✔ unverified email before enrollment (0.144042ms)
✔ TOTP QR local and enrollment signs out (0.346542ms)
✔ expired setup rejected (0.081583ms)
✔ SMS requires consent (0.111583ms)
✔ SMS enrollment and cooldown (0.16575ms)
✔ SMS enrollment separate from sign-in (0.1195ms)
✔ TOTP resolver uses chosen factor (0.21375ms)
✔ SMS requires selected factor and request (0.113208ms)
✔ unknown factor rejected (0.051375ms)
✔ cancelled sign-in cannot restore session (0.422667ms)
✔ cancelled secret generation discarded (0.058042ms)
ℹ tests 16
ℹ suites 0
ℹ pass 16
ℹ fail 0
ℹ cancelled 0
ℹ skipped 0
ℹ todo 0
ℹ duration_ms 49.920667

> open-source-accounting-web@0.7.0 build
> tsc -p tsconfig.json && node scripts/build-vendor.mjs && node scripts/copy-assets.mjs

Built local Identity Platform MFA bundle; no remote QR or analytics services.
Built frontend/dist. Start the API to serve the working UI.
