
added 133 packages, and audited 134 packages in 3s

4 packages are looking for funding
  run `npm fund` for details

found 0 vulnerabilities

> open-source-accounting-web@0.7.0 typecheck
> tsc -p tsconfig.json --noEmit


> open-source-accounting-web@0.7.0 test:auth
> node --test tests/identity.test.mjs

✔ OTP rejects nonnumeric or wrong length (0.952958ms)
✔ phone validates international number (0.107417ms)
✔ first factor alone is enrollment (0.2ms)
✔ factor identifier required (0.089959ms)
✔ reserved TOTP claims allow ready (0.072708ms)
✔ unverified email before enrollment (0.146625ms)
✔ TOTP QR local and enrollment signs out (0.3165ms)
✔ expired setup rejected (0.135084ms)
✔ SMS requires consent (0.188041ms)
✔ SMS enrollment and cooldown (0.269333ms)
✔ SMS enrollment separate from sign-in (0.172083ms)
✔ TOTP resolver uses chosen factor (0.218167ms)
✔ SMS requires selected factor and request (0.109917ms)
✔ unknown factor rejected (0.463083ms)
✔ cancelled sign-in cannot restore session (0.064375ms)
✔ cancelled secret generation discarded (0.0595ms)
ℹ tests 16
ℹ suites 0
ℹ pass 16
ℹ fail 0
ℹ cancelled 0
ℹ skipped 0
ℹ todo 0
ℹ duration_ms 55.44325

> open-source-accounting-web@0.7.0 build
> tsc -p tsconfig.json && node scripts/build-vendor.mjs && node scripts/copy-assets.mjs

Built local Identity Platform MFA bundle; no remote QR or analytics services.
Built frontend/dist. Start the API to serve the working UI.
